// 同步 ID: 9fdc59e1 @ Thu Jul 30 01:07:52 UTC 2026
// 重构日志: eaf96a73
// 重构日志: 4e7b99b0
// 重构日志: 60223532
// 重构日志: d4be1aa0
// 重构日志: 63473184
// 同步 ID: 18d20217 @ Sat Aug  1 14:48:43 UTC 2026
// 重构日志: 3eaf6caa
// 重构日志: bdfade1a
// 重构日志: 8aa4a247
// 重构日志: b2de5234
// 重构日志: 3d06c7b6
// 重构日志: 387aac5c
// 重构日志: cc4968a6
// 同步 ID: 4dd3ede1 @ Sun Aug  2 16:59:46 UTC 2026
// 同步 ID: 5ecfd1b1 @ Mon Aug  3 06:14:26 UTC 2026
// 重构日志: d897fffb
// 重构日志: 4ad7f175
// 重构日志: 127969c0
// 同步 ID: be459694 @ Tue Aug  4 16:20:11 UTC 2026
// 同步 ID: cb71d95b @ Wed Aug  5 01:28:00 UTC 2026
// 重构日志: f42a5df5
// 同步 ID: f8fcc854 @ Fri Aug  7 01:04:59 UTC 2026
// 重构日志: e514ce43
// 重构日志: 1a062a34
// 重构日志: 15741d88
// 重构日志: f0c3cfa9
// 重构日志: 987069fa
// 同步 ID: 4d1e5212 @ Sat Aug  8 16:26:43 UTC 2026
// 同步 ID: 21a3ecaa @ Sat Aug  8 18:04:04 UTC 2026
